Turbo Assembler	 Version 4.1	    10/05/20 14:13:28	    Page 1
pruep.ASM



      1				     ;prueba
      2
      3	0000			     SegDatos segment para "Data"
      4	0000  6E 6F 6D 62 72 65	24	 nombre	db 'nombre$'
      5	0007			     SegDatos EndS ; fin del segmento de datos
      6
      7	0000			     segCodigo segment para "code"
      8	0000			       Inicio:
      9					   assume CS:segCodigo
     10
     11	0000  33 C0			   xor ax,ax ;limpia el	registro ax(acumulador)/lo pone	en cero
     12	0002  50			   push	ax ;Mete el registro ax	a la pila
     13	0003  B8 0000s			   mov ax,SegDatos ;mueve la posicion del segmento de datos al registro	ax
     14	0006  8E D8			   mov DS,ax  ;mueve el	ax ya con el segDatos al registro DS(Data segment)
     15					  ; pop	   ax ;saca el ax de la	pila
     16
     17	0008  BA 0000r			   lea dx,nombre ;lea=carga la direccion al registro (lea registro16,direccion)
     18	000B  B4 09			   mov ah,09h ;le mueve	al registro ah un 09 en	hexadecimal por	eso la h
     19	000D  CD 21			   int 21h  ;int = interrupcion	/interrupcion 21,9(ah =09): imprime hasta toparse
     20						 ; con el simbolo "$",		    por	eso en la linea	anterior le movi un 09 al ah
     21
     22	000F  33 C0			   xor ax,ax	;Limpia	el al y	prepara	el ah para la salida.
     23	0011  B8 4C00			   mov ax,4c00h	  ;Servicio AH=4c int 21h para salir del programa.
     24	0014  CD 21			   int 21h	  ;Llamada al DOS. Termine el programa.
     25	0016			     segCodigo EndS ; fin del segmento de codigo
     26					 End Inicio ;Fin del programa la etiqueta al final dice	en que punto debe comenzar el	    +
     27				     programa.
Turbo Assembler	 Version 4.1	    10/05/20 14:13:28	    Page 2
Symbol Table




Symbol Name			  Type	 Value

??DATE				  Text	 "10/05/20"
??FILENAME			  Text	 "pruep	  "
??TIME				  Text	 "14:13:28"
??VERSION			  Number 040A
@CPU				  Text	 0101H
@CURSEG				  Text	 SEGCODIGO
@FILENAME			  Text	 PRUEP
@WORDSIZE			  Text	 2
INICIO				  Near	 SEGCODIGO:0000
NOMBRE				  Byte	 SEGDATOS:0000

Groups & Segments		  Bit Size Align  Combine Class

SEGCODIGO			  16  0016 Para	  none	  CODE
SEGDATOS			  16  0007 Para	  none	  DATA
